// Jest Snapshot v1, https://goo.gl/fbAQLP

exports[`ForecastSummary renders data correctly 1`] = `
<DocumentFragment>
  <div
    class="forecast-summary"
  >
    <div
      class="forecast-summary__date"
      data-testid="forecast-summary"
    >
      11111111
    </div>
    <div
      class="forecast-summary__icon"
      data-testid="forecast-icon"
    >
      stubIcon
    </div>
    <div
      class="forecast-summary__temp"
      data-testid="forecast-temp"
    >
      22Â°C
    </div>
    <div
      class="forecast-summary__desc"
      data-testid="forecast-desc"
    >
      Stub description
    </div>
  </div>
</DocumentFragment>
`;
